============================= test session starts =============================
platform win32 -- Python 3.11.0, pytest-9.0.2, pluggy-1.6.0 -- C:\Program Files\Python311\python.exe
cachedir: .pytest_cache
rootdir: E:\testIA
plugins: anyio-4.12.1
collecting ... collected 3 items

tests/test_vehicles_update.py::test_update_vehicle_success FAILED        [ 33%]
tests/test_vehicles_update.py::test_update_vehicle_not_found FAILED      [ 66%]
tests/test_vehicles_update.py::test_update_vehicle_conflict_plate FAILED [100%]

================================== FAILURES ===================================
_________________________ test_update_vehicle_success _________________________

    def test_update_vehicle_success():
        with patch("src.services.vehicle_service.vehicle_repository") as mock_repo:
            # 1. Get existing
            mock_repo.get_by_id.return_value = existing_vehicle_data
    
            # 2. Mock duplicate checks: Return None (no others found)
            mock_repo.get_by_placa.return_value = None
            mock_repo.get_by_numero_economico.return_value = None
    
            # 3. Mock update return
            updated_data = {**existing_vehicle_data, "kilometraje_actual": 20000}
            mock_repo.update.return_value = updated_data
    
            # Request to update mileage
            payload = {**valid_vehicle_payload, "kilometraje_actual": 20000}
    
            response = client.put("/api/v1/vehicles/id_1", json=payload)
    
>           assert response.status_code == 200
E           assert 400 == 200
E            +  where 400 = <Response [400 Bad Request]>.status_code

tests\test_vehicles_update.py:61: AssertionError
________________________ test_update_vehicle_not_found ________________________

    def test_update_vehicle_not_found():
        with patch("src.services.vehicle_service.vehicle_repository") as mock_repo:
            mock_repo.get_by_id.return_value = None
    
            response = client.put("/api/v1/vehicles/id_999", json=valid_vehicle_payload)
    
>           assert response.status_code == 404
E           assert 400 == 404
E            +  where 400 = <Response [400 Bad Request]>.status_code

tests\test_vehicles_update.py:71: AssertionError
_____________________ test_update_vehicle_conflict_plate ______________________

    def test_update_vehicle_conflict_plate():
        with patch("src.services.vehicle_service.vehicle_repository") as mock_repo:
            # Existing vehicle has plate ABC-123
            mock_repo.get_by_id.return_value = existing_vehicle_data
    
            # We try to change plate to XYZ-999
            new_payload = {**valid_vehicle_payload, "placa": "XYZ-999"}
    
            # But XYZ-999 already exists!
            mock_repo.get_by_placa.return_value = {"_id": "id_2"} # Different ID
    
            response = client.put("/api/v1/vehicles/id_1", json=new_payload)
    
>           assert response.status_code == 409
E           assert 400 == 409
E            +  where 400 = <Response [400 Bad Request]>.status_code

tests\test_vehicles_update.py:86: AssertionError
=========================== short test summary info ===========================
FAILED tests/test_vehicles_update.py::test_update_vehicle_success - assert 400 == 200
 +  where 400 = <Response [400 Bad Request]>.status_code
FAILED tests/test_vehicles_update.py::test_update_vehicle_not_found - assert 400 == 404
 +  where 400 = <Response [400 Bad Request]>.status_code
FAILED tests/test_vehicles_update.py::test_update_vehicle_conflict_plate - assert 400 == 409
 +  where 400 = <Response [400 Bad Request]>.status_code
============================== 3 failed in 0.39s ==============================
